// Jest Snapshot v1, https://goo.gl/fbAQLP

exports[`macros 1. macros: 1. macros 1`] = `


import MyMacro from '../macro.cts'

MyMacro({someOption: true}, \`
  some stuff
\`)
    

      ↓ ↓ ↓ ↓ ↓ ↓

import MyMacro from '../macro.cts';
MyMacro(
  {
    someOption: true,
  },
  \`
  some stuff
\`,
);

`;
